// Jest Snapshot v1, https://goo.gl/fbAQLP

exports[`Componenet renders correctly 1`] = `
<div>
  <h2
    className="quote"
  >
    Mathematics is not about numbers, equations, computations, or algorithms:
  </h2>
  <h2
    className="quote"
  >
    it is about understanding. â€“William Paul Thurston
  </h2>
</div>
`;
